stl_algo.h:4326:5:_OIter std::transform(_IIter, _IIter, _OIter, _UnaryOperation) [with _IIter = const signed char*; _OIter = signed char*; _UnaryOperation = tflite::{anonymous}::copyCast(const FromT*, ToT*, int) [with FromT = signed char; ToT = signed char]::<lambda(signed char)>]	0	static
cast.cc:39:6:void tflite::{anonymous}::copyCast(const FromT*, ToT*, int) [with FromT = signed char; ToT = signed char]	8	static
stl_algo.h:4326:5:_OIter std::transform(_IIter, _IIter, _OIter, _UnaryOperation) [with _IIter = const signed char*; _OIter = float*; _UnaryOperation = tflite::{anonymous}::copyCast(const FromT*, ToT*, int) [with FromT = signed char; ToT = float]::<lambda(signed char)>]	0	static
cast.cc:39:6:void tflite::{anonymous}::copyCast(const FromT*, ToT*, int) [with FromT = signed char; ToT = float]	8	static
stl_algo.h:4326:5:_OIter std::transform(_IIter, _IIter, _OIter, _UnaryOperation) [with _IIter = const float*; _OIter = signed char*; _UnaryOperation = tflite::{anonymous}::copyCast(const FromT*, ToT*, int) [with FromT = float; ToT = signed char]::<lambda(float)>]	4	static
cast.cc:39:6:void tflite::{anonymous}::copyCast(const FromT*, ToT*, int) [with FromT = float; ToT = signed char]	8	static
stl_algo.h:4326:5:_OIter std::transform(_IIter, _IIter, _OIter, _UnaryOperation) [with _IIter = const float*; _OIter = float*; _UnaryOperation = tflite::{anonymous}::copyCast(const FromT*, ToT*, int) [with FromT = float; ToT = float]::<lambda(float)>]	0	static
cast.cc:39:6:void tflite::{anonymous}::copyCast(const FromT*, ToT*, int) [with FromT = float; ToT = float]	8	static
cast.cc:27:14:TfLiteStatus tflite::{anonymous}::Prepare(TfLiteContext*, TfLiteNode*)	32	static
cast.cc:85:20:TfLiteRegistration tflite::Register_CAST()	12	static
kernel_util.h:61:10:const T* tflite::micro::GetTensorData(const TfLiteEvalTensor*) [with T = float]	8	static
kernel_util.h:55:4:T* tflite::micro::GetTensorData(TfLiteEvalTensor*) [with T = float]	0	static
cast.cc:45:14:TfLiteStatus tflite::{anonymous}::copyToTensor(TfLiteContext*, const FromT*, TfLiteEvalTensor*, int) [with FromT = signed char]	24	static
cast.cc:45:14:TfLiteStatus tflite::{anonymous}::copyToTensor(TfLiteContext*, const FromT*, TfLiteEvalTensor*, int) [with FromT = float]	24	static
cast.cc:62:14:TfLiteStatus tflite::{anonymous}::Eval(TfLiteContext*, TfLiteNode*)	72	static
