concatenation.cc:128:7:void* tflite::ops::micro::concatenation::Init(TfLiteContext*, const char*, size_t)	8	static
concatenation.cc:133:14:TfLiteStatus tflite::ops::micro::concatenation::Prepare(TfLiteContext*, TfLiteNode*)	56	static
concatenation.cc:263:20:TfLiteRegistration tflite::ops::micro::Register_CONCATENATION()	12	static
kernel_util.h:55:4:T* tflite::micro::GetTensorData(TfLiteEvalTensor*) [with T = unsigned char]	0	static
kernel_util.h:61:10:const T* tflite::micro::GetTensorData(const TfLiteEvalTensor*) [with T = const unsigned char]	8	static
concatenation.cc:107:6:void tflite::ops::micro::concatenation::EvalQuantizedUInt8(TfLiteContext*, TfLiteNode*)	480	static
kernel_util.h:55:4:T* tflite::micro::GetTensorData(TfLiteEvalTensor*) [with T = float]	0	static
kernel_util.h:55:4:T* tflite::micro::GetTensorData(TfLiteEvalTensor*) [with T = long int]	0	static
kernel_util.h:55:4:T* tflite::micro::GetTensorData(TfLiteEvalTensor*) [with T = signed char]	0	static
kernel_util.h:55:4:T* tflite::micro::GetTensorData(TfLiteEvalTensor*) [with T = long long int]	0	static
kernel_util.h:61:10:const T* tflite::micro::GetTensorData(const TfLiteEvalTensor*) [with T = const float]	8	static
concatenation.cc:87:6:void tflite::ops::micro::concatenation::EvalUnquantized(TfLiteContext*, TfLiteNode*) [with data_type = float]	432	static
kernel_util.h:61:10:const T* tflite::micro::GetTensorData(const TfLiteEvalTensor*) [with T = const long int]	8	static
concatenation.cc:87:6:void tflite::ops::micro::concatenation::EvalUnquantized(TfLiteContext*, TfLiteNode*) [with data_type = long int]	432	static
kernel_util.h:61:10:const T* tflite::micro::GetTensorData(const TfLiteEvalTensor*) [with T = const signed char]	8	static
concatenation.cc:87:6:void tflite::ops::micro::concatenation::EvalUnquantized(TfLiteContext*, TfLiteNode*) [with data_type = signed char]	432	static
kernel_util.h:61:10:const T* tflite::micro::GetTensorData(const TfLiteEvalTensor*) [with T = const long long int]	8	static
concatenation.cc:87:6:void tflite::ops::micro::concatenation::EvalUnquantized(TfLiteContext*, TfLiteNode*) [with data_type = long long int]	432	static
concatenation.cc:229:14:TfLiteStatus tflite::ops::micro::concatenation::Eval(TfLiteContext*, TfLiteNode*)	24	static
