detection_postprocess.cc:152:6:void tflite::{anonymous}::Free(TfLiteContext*, void*)	0	static
detection_postprocess.cc:355:5:int tflite::{anonymous}::SelectDetectionsAboveScoreThreshold(const float*, int, float, float*, int*)	12	static
detection_postprocess.cc:369:6:bool tflite::{anonymous}::ValidateBoxes(const float*, int)	0	static
detection_postprocess.cc:380:7:float tflite::{anonymous}::ComputeIntersectionOverUnion(const float*, int, int)	16	static
stl_heap.h:128:5:void std::__push_heap(_RandomAccessIterator, _Distance, _Distance, _Tp, _Compare&) [with _RandomAccessIterator = int*; _Distance = int; _Tp = int; _Compare = __gnu_cxx::__ops::_Iter_comp_val<tflite::{anonymous}::DecreasingPartialArgSort(const float*, int, int, int*)::<lambda(int, int)> >]	16	static
stl_heap.h:214:5:void std::__adjust_heap(_RandomAccessIterator, _Distance, _Distance, _Tp, _Compare) [with _RandomAccessIterator = int*; _Distance = int; _Tp = int; _Compare = __gnu_cxx::__ops::_Iter_comp_iter<tflite::{anonymous}::DecreasingPartialArgSort(const float*, int, int, int*)::<lambda(int, int)> >]	40	static
stl_heap.h:326:5:void std::__make_heap(_RandomAccessIterator, _RandomAccessIterator, _Compare&) [with _RandomAccessIterator = int*; _Compare = __gnu_cxx::__ops::_Iter_comp_iter<tflite::{anonymous}::DecreasingPartialArgSort(const float*, int, int, int*)::<lambda(int, int)> >]	32	static
stl_algo.h:1667:5:void std::__heap_select(_RandomAccessIterator, _RandomAccessIterator, _RandomAccessIterator, _Compare) [with _RandomAccessIterator = int*; _Compare = __gnu_cxx::__ops::_Iter_comp_iter<tflite::{anonymous}::DecreasingPartialArgSort(const float*, int, int, int*)::<lambda(int, int)> >]	48	static
stl_heap.h:402:5:void std::__sort_heap(_RandomAccessIterator, _RandomAccessIterator, _Compare&) [with _RandomAccessIterator = int*; _Compare = __gnu_cxx::__ops::_Iter_comp_iter<tflite::{anonymous}::DecreasingPartialArgSort(const float*, int, int, int*)::<lambda(int, int)> >]	24	static
detection_postprocess.cc:154:14:TfLiteStatus tflite::{anonymous}::Prepare(TfLiteContext*, TfLiteNode*)	48	static
detection_postprocess.cc:793:21:TfLiteRegistration* tflite::Register_DETECTION_POSTPROCESS()	0	static
kernel_util.h:61:10:const T* tflite::micro::GetTensorData(const TfLiteEvalTensor*) [with T = unsigned char]	8	static
detection_postprocess.cc:238:6:void tflite::{anonymous}::DequantizeBoxEncodings(const TfLiteEvalTensor*, int, float, float, int, tflite::{anonymous}::CenterSizeEncoding*)	24	static
detection_postprocess.cc:704:6:void tflite::{anonymous}::DequantizeClassPredictions(const TfLiteEvalTensor*, int, int, float*, tflite::{anonymous}::OpData*)	32	static
kernel_util.h:61:10:const T* tflite::micro::GetTensorData(const TfLiteEvalTensor*) [with T = float]	8	static
detection_postprocess.cc:258:3:T tflite::{anonymous}::ReInterpretTensor(const TfLiteEvalTensor*) [with T = const tflite::{anonymous}::CenterSizeEncoding*]	8	static
detection_postprocess.cc:269:14:TfLiteStatus tflite::{anonymous}::DecodeCenterSizeBoxes(TfLiteContext*, TfLiteNode*, tflite::{anonymous}::OpData*)	120	static
stl_numeric.h:87:5:void std::iota(_ForwardIterator, _ForwardIterator, _Tp) [with _ForwardIterator = int*; _Tp = int]	0	static
detection_postprocess.cc:347:6:void tflite::{anonymous}::DecreasingPartialArgSort(const float*, int, int, int*)	32	static
detection_postprocess.cc:403:14:TfLiteStatus tflite::{anonymous}::NonMaxSuppressionSingleClassHelper(TfLiteContext*, TfLiteNode*, tflite::{anonymous}::OpData*, const float*, int*, int*, int)	72	static
kernel_util.h:55:4:T* tflite::micro::GetTensorData(TfLiteEvalTensor*) [with T = float]	0	static
detection_postprocess.cc:264:3:T tflite::{anonymous}::ReInterpretTensor(TfLiteEvalTensor*) [with T = tflite::{anonymous}::BoxCornerEncoding*]	8	static
detection_postprocess.cc:484:14:TfLiteStatus tflite::{anonymous}::NonMaxSuppressionMultiClassRegularHelper(TfLiteContext*, TfLiteNode*, tflite::{anonymous}::OpData*, const float*)	136	static
detection_postprocess.cc:617:14:TfLiteStatus tflite::{anonymous}::NonMaxSuppressionMultiClassFastHelper(TfLiteContext*, TfLiteNode*, tflite::{anonymous}::OpData*, const float*)	136	static
detection_postprocess.cc:720:14:TfLiteStatus tflite::{anonymous}::NonMaxSuppressionMultiClass(TfLiteContext*, TfLiteNode*, tflite::{anonymous}::OpData*)	48	static
detection_postprocess.cc:768:14:TfLiteStatus tflite::{anonymous}::Eval(TfLiteContext*, TfLiteNode*)	16	static
base.h:380:24:T flatbuffers::EndianScalar(T) [with T = long long int]	0	static
base.h:391:3:T flatbuffers::ReadScalar(const void*) [with T = long long int]	8	static
base.h:380:24:T flatbuffers::EndianScalar(T) [with T = long long unsigned int]	0	static
base.h:391:3:T flatbuffers::ReadScalar(const void*) [with T = long long unsigned int]	8	static
flexbuffers.h:179:37:const uint8_t* flexbuffers::Indirect(const uint8_t*) [with T = long long unsigned int]	8	static
flexbuffers.h:846:26:int flexbuffers::KeyCompare(const void*, const void*) [with T = long long unsigned int]	8	static
base.h:380:24:T flatbuffers::EndianScalar(T) [with T = unsigned char]	0	static
base.h:391:3:T flatbuffers::ReadScalar(const void*) [with T = unsigned char]	8	static
flexbuffers.h:179:37:const uint8_t* flexbuffers::Indirect(const uint8_t*) [with T = unsigned char]	8	static
flexbuffers.h:846:26:int flexbuffers::KeyCompare(const void*, const void*) [with T = unsigned char]	8	static
base.h:380:24:T flatbuffers::EndianScalar(T) [with T = double]	0	static
base.h:391:3:T flatbuffers::ReadScalar(const void*) [with T = double]	8	static
base.h:380:24:T flatbuffers::EndianScalar(T) [with T = float]	0	static
base.h:391:3:T flatbuffers::ReadScalar(const void*) [with T = float]	8	static
base.h:380:24:T flatbuffers::EndianScalar(T) [with T = signed char]	0	static
base.h:391:3:T flatbuffers::ReadScalar(const void*) [with T = signed char]	8	static
base.h:380:24:T flatbuffers::EndianScalar(T) [with T = short int]	0	static
base.h:391:3:T flatbuffers::ReadScalar(const void*) [with T = short int]	8	static
flexbuffers.h:136:3:R flexbuffers::ReadSizedScalar(const uint8_t*, uint8_t) [with R = double; T1 = signed char; T2 = short int; T4 = float; T8 = double]	8	static
base.h:380:24:T flatbuffers::EndianScalar(T) [with T = long int]	0	static
base.h:391:3:T flatbuffers::ReadScalar(const void*) [with T = long int]	8	static
flexbuffers.h:136:3:R flexbuffers::ReadSizedScalar(const uint8_t*, uint8_t) [with R = long long int; T1 = signed char; T2 = short int; T4 = long int; T8 = long long int]	8	static
base.h:380:24:T flatbuffers::EndianScalar(T) [with T = short unsigned int]	0	static
base.h:391:3:T flatbuffers::ReadScalar(const void*) [with T = short unsigned int]	8	static
flexbuffers.h:179:37:const uint8_t* flexbuffers::Indirect(const uint8_t*) [with T = short unsigned int]	8	static
flexbuffers.h:846:26:int flexbuffers::KeyCompare(const void*, const void*) [with T = short unsigned int]	8	static
base.h:380:24:T flatbuffers::EndianScalar(T) [with T = long unsigned int]	0	static
base.h:391:3:T flatbuffers::ReadScalar(const void*) [with T = long unsigned int]	8	static
flexbuffers.h:136:3:R flexbuffers::ReadSizedScalar(const uint8_t*, uint8_t) [with R = long long unsigned int; T1 = unsigned char; T2 = short unsigned int; T4 = long unsigned int; T8 = long long unsigned int]	8	static
detection_postprocess.cc:119:7:void* tflite::{anonymous}::Init(TfLiteContext*, const char*, size_t)	368	static
flexbuffers.h:179:37:const uint8_t* flexbuffers::Indirect(const uint8_t*) [with T = long unsigned int]	8	static
flexbuffers.h:846:26:int flexbuffers::KeyCompare(const void*, const void*) [with T = long unsigned int]	8	static
