fill.cc:30:14:TfLiteStatus tflite::{anonymous}::EnsureEqImpl(TfLiteContext*, const TfLiteIntArray*, const TfLiteTensor*) [with T = signed char]	32	static
fill.cc:30:14:TfLiteStatus tflite::{anonymous}::EnsureEqImpl(TfLiteContext*, const TfLiteIntArray*, const TfLiteTensor*) [with T = unsigned char]	32	static
fill.cc:30:14:TfLiteStatus tflite::{anonymous}::EnsureEqImpl(TfLiteContext*, const TfLiteIntArray*, const TfLiteTensor*) [with T = short int]	32	static
fill.cc:30:14:TfLiteStatus tflite::{anonymous}::EnsureEqImpl(TfLiteContext*, const TfLiteIntArray*, const TfLiteTensor*) [with T = long int]	32	static
fill.cc:30:14:TfLiteStatus tflite::{anonymous}::EnsureEqImpl(TfLiteContext*, const TfLiteIntArray*, const TfLiteTensor*) [with T = long long int]	48	static
fill.cc:40:14:TfLiteStatus tflite::{anonymous}::EnsureEq(TfLiteContext*, const TfLiteIntArray*, const TfLiteTensor*)	32	static
fill.cc:69:14:TfLiteStatus tflite::{anonymous}::Prepare(TfLiteContext*, TfLiteNode*)	48	static
fill.cc:120:20:TfLiteRegistration tflite::Register_FILL()	12	static
kernel_util.h:61:10:const T* tflite::micro::GetTensorData(const TfLiteEvalTensor*) [with T = float]	8	static
kernel_util.h:55:4:T* tflite::micro::GetTensorData(TfLiteEvalTensor*) [with T = float]	0	static
fill.h:26:6:void tflite::reference_ops::Fill(const tflite::RuntimeShape&, const T*, const tflite::RuntimeShape&, T*) [with T = float]	24	static
fill.cc:93:6:void tflite::{anonymous}::FillImpl(const TfLiteEvalTensor*, TfLiteEvalTensor*) [with T = float]	64	static
fill.cc:99:14:TfLiteStatus tflite::{anonymous}::Eval(TfLiteContext*, TfLiteNode*)	16	static
