leaky_relu.cc:97:7:void* tflite::{anonymous}::LeakyReluInit(TfLiteContext*, const char*, size_t)	8	static
leaky_relu.cc:61:14:TfLiteStatus tflite::{anonymous}::CalculateOpData(TfLiteContext*, TfLiteNode*)	48	static
leaky_relu.cc:102:14:TfLiteStatus tflite::{anonymous}::LeakyReluPrepare(TfLiteContext*, TfLiteNode*)	8	static
leaky_relu.cc:142:20:TfLiteRegistration tflite::Register_LEAKY_RELU()	12	static
kernel_util.h:61:10:const T* tflite::micro::GetTensorData(const TfLiteEvalTensor*) [with T = float]	8	static
kernel_util.h:55:4:T* tflite::micro::GetTensorData(TfLiteEvalTensor*) [with T = float]	0	static
fixedpoint.h:64:10:tRawType gemmlowp::Dup(typename gemmlowp::FixedPointRawTypeTraits<tRawType>::ScalarRawType) [with tRawType = long int]	0	static
fixedpoint.h:70:14:tIntegerType gemmlowp::BitAnd(tIntegerType, tIntegerType) [with tIntegerType = long int]	0	static
fixedpoint.h:140:14:tIntegerType gemmlowp::ShiftRight(tIntegerType, int) [with tIntegerType = long int]	0	static
fixedpoint.h:94:14:tIntegerType gemmlowp::Add(tIntegerType, tIntegerType) [with tIntegerType = long int]	0	static
kernel_util.h:61:10:const T* tflite::micro::GetTensorData(const TfLiteEvalTensor*) [with T = signed char]	8	static
kernel_util.h:55:4:T* tflite::micro::GetTensorData(TfLiteEvalTensor*) [with T = signed char]	0	static
fixedpoint.h:88:14:tIntegerType gemmlowp::BitNot(tIntegerType) [with tIntegerType = long int]	0	static
fixedpoint.h:156:14:tIntegerType gemmlowp::MaskIfNonZero(tIntegerType) [with tIntegerType = long int]	8	static
fixedpoint.h:199:14:tIntegerType gemmlowp::MaskIfLessThan(tIntegerType, tIntegerType) [with tIntegerType = long int]	8	static
fixedpoint.h:185:14:tIntegerType gemmlowp::MaskIfGreaterThan(tIntegerType, tIntegerType) [with tIntegerType = long int]	8	static
leaky_relu.cc:43:6:void tflite::{anonymous}::QuantizeLeakyRelu(const tflite::{anonymous}::LeakyReluOpData&, const TfLiteEvalTensor*, TfLiteEvalTensor*) [with T = signed char]	144	static
leaky_relu.cc:106:14:TfLiteStatus tflite::{anonymous}::LeakyReluEval(TfLiteContext*, TfLiteNode*)	104	static
