maximum_minimum.cc:55:20:static data_type tflite::ops::micro::maximum_minimum::{anonymous}::MaximumOp::op(data_type, data_type) [with data_type = float]	0	static
maximum_minimum.cc:55:20:static data_type tflite::ops::micro::maximum_minimum::{anonymous}::MaximumOp::op(data_type, data_type) [with data_type = unsigned char]	0	static
maximum_minimum.cc:55:20:static data_type tflite::ops::micro::maximum_minimum::{anonymous}::MaximumOp::op(data_type, data_type) [with data_type = signed char]	0	static
maximum_minimum.cc:55:20:static data_type tflite::ops::micro::maximum_minimum::{anonymous}::MaximumOp::op(data_type, data_type) [with data_type = long int]	0	static
maximum_minimum.cc:55:20:static data_type tflite::ops::micro::maximum_minimum::{anonymous}::MaximumOp::op(data_type, data_type) [with data_type = long long int]	8	static
maximum_minimum.cc:62:20:static data_type tflite::ops::micro::maximum_minimum::{anonymous}::MinimumOp::op(data_type, data_type) [with data_type = float]	0	static
maximum_minimum.cc:62:20:static data_type tflite::ops::micro::maximum_minimum::{anonymous}::MinimumOp::op(data_type, data_type) [with data_type = unsigned char]	0	static
maximum_minimum.cc:62:20:static data_type tflite::ops::micro::maximum_minimum::{anonymous}::MinimumOp::op(data_type, data_type) [with data_type = signed char]	0	static
maximum_minimum.cc:62:20:static data_type tflite::ops::micro::maximum_minimum::{anonymous}::MinimumOp::op(data_type, data_type) [with data_type = long int]	0	static
maximum_minimum.cc:62:20:static data_type tflite::ops::micro::maximum_minimum::{anonymous}::MinimumOp::op(data_type, data_type) [with data_type = long long int]	8	static
maximum_minimum.cc:120:20:TfLiteRegistration tflite::ops::micro::Register_MAXIMUM()	8	static
maximum_minimum.cc:133:20:TfLiteRegistration tflite::ops::micro::Register_MINIMUM()	8	static
kernel_util.h:61:10:const T* tflite::micro::GetTensorData(const TfLiteEvalTensor*) [with T = float]	8	static
kernel_util.h:55:4:T* tflite::micro::GetTensorData(TfLiteEvalTensor*) [with T = float]	0	static
kernel_util.h:61:10:const T* tflite::micro::GetTensorData(const TfLiteEvalTensor*) [with T = unsigned char]	8	static
kernel_util.h:55:4:T* tflite::micro::GetTensorData(TfLiteEvalTensor*) [with T = unsigned char]	0	static
kernel_util.h:61:10:const T* tflite::micro::GetTensorData(const TfLiteEvalTensor*) [with T = signed char]	8	static
kernel_util.h:55:4:T* tflite::micro::GetTensorData(TfLiteEvalTensor*) [with T = signed char]	0	static
kernel_util.h:61:10:const T* tflite::micro::GetTensorData(const TfLiteEvalTensor*) [with T = long int]	8	static
kernel_util.h:55:4:T* tflite::micro::GetTensorData(TfLiteEvalTensor*) [with T = long int]	0	static
kernel_util.h:61:10:const T* tflite::micro::GetTensorData(const TfLiteEvalTensor*) [with T = long long int]	8	static
kernel_util.h:55:4:T* tflite::micro::GetTensorData(TfLiteEvalTensor*) [with T = long long int]	0	static
common.h:922:51:typename std::enable_if<(DIM == (N - 1)), void>::type tflite::NDOpsHelperImpl(const tflite::NdArrayDesc<N>&, const Calc&, int*) [with int N = 5; int DIM = 4; Calc = tflite::reference_ops::MaximumMinimumBroadcastSlow(const tflite::RuntimeShape&, const T*, const tflite::RuntimeShape&, const T*, const tflite::RuntimeShape&, T*, Op) [with T = float; Op = float (*)(float, float); int N = 5]::<lambda(int*)>]	32	static
common.h:914:51:typename std::enable_if<(DIM != (N - 1)), void>::type tflite::NDOpsHelperImpl(const tflite::NdArrayDesc<N>&, const Calc&, int*) [with int N = 5; int DIM = 3; Calc = tflite::reference_ops::MaximumMinimumBroadcastSlow(const tflite::RuntimeShape&, const T*, const tflite::RuntimeShape&, const T*, const tflite::RuntimeShape&, T*, Op) [with T = float; Op = float (*)(float, float); int N = 5]::<lambda(int*)>]	16	static
common.h:914:51:typename std::enable_if<(DIM != (N - 1)), void>::type tflite::NDOpsHelperImpl(const tflite::NdArrayDesc<N>&, const Calc&, int*) [with int N = 5; int DIM = 2; Calc = tflite::reference_ops::MaximumMinimumBroadcastSlow(const tflite::RuntimeShape&, const T*, const tflite::RuntimeShape&, const T*, const tflite::RuntimeShape&, T*, Op) [with T = float; Op = float (*)(float, float); int N = 5]::<lambda(int*)>]	16	static
common.h:914:51:typename std::enable_if<(DIM != (N - 1)), void>::type tflite::NDOpsHelperImpl(const tflite::NdArrayDesc<N>&, const Calc&, int*) [with int N = 5; int DIM = 1; Calc = tflite::reference_ops::MaximumMinimumBroadcastSlow(const tflite::RuntimeShape&, const T*, const tflite::RuntimeShape&, const T*, const tflite::RuntimeShape&, T*, Op) [with T = float; Op = float (*)(float, float); int N = 5]::<lambda(int*)>]	16	static
common.h:914:51:typename std::enable_if<(DIM != (N - 1)), void>::type tflite::NDOpsHelperImpl(const tflite::NdArrayDesc<N>&, const Calc&, int*) [with int N = 5; int DIM = 0; Calc = tflite::reference_ops::MaximumMinimumBroadcastSlow(const tflite::RuntimeShape&, const T*, const tflite::RuntimeShape&, const T*, const tflite::RuntimeShape&, T*, Op) [with T = float; Op = float (*)(float, float); int N = 5]::<lambda(int*)>]	16	static
maximum_minimum.h:25:6:void tflite::reference_ops::MaximumMinimumBroadcastSlow(const tflite::RuntimeShape&, const T*, const tflite::RuntimeShape&, const T*, const tflite::RuntimeShape&, T*, Op) [with T = float; Op = float (*)(float, float); int N = 5]	224	static
maximum_minimum.cc:70:6:void tflite::ops::micro::maximum_minimum::TFLiteOperation(TfLiteContext*, TfLiteNode*, const tflite::ops::micro::maximum_minimum::{anonymous}::OpContext&) [with data_type = float; op_type = tflite::ops::micro::maximum_minimum::{anonymous}::MaximumOp]	112	static
maximum_minimum.cc:70:6:void tflite::ops::micro::maximum_minimum::TFLiteOperation(TfLiteContext*, TfLiteNode*, const tflite::ops::micro::maximum_minimum::{anonymous}::OpContext&) [with data_type = float; op_type = tflite::ops::micro::maximum_minimum::{anonymous}::MinimumOp]	112	static
common.h:922:51:typename std::enable_if<(DIM == (N - 1)), void>::type tflite::NDOpsHelperImpl(const tflite::NdArrayDesc<N>&, const Calc&, int*) [with int N = 5; int DIM = 4; Calc = tflite::reference_ops::MaximumMinimumBroadcastSlow(const tflite::RuntimeShape&, const T*, const tflite::RuntimeShape&, const T*, const tflite::RuntimeShape&, T*, Op) [with T = unsigned char; Op = unsigned char (*)(unsigned char, unsigned char); int N = 5]::<lambda(int*)>]	40	static
common.h:914:51:typename std::enable_if<(DIM != (N - 1)), void>::type tflite::NDOpsHelperImpl(const tflite::NdArrayDesc<N>&, const Calc&, int*) [with int N = 5; int DIM = 3; Calc = tflite::reference_ops::MaximumMinimumBroadcastSlow(const tflite::RuntimeShape&, const T*, const tflite::RuntimeShape&, const T*, const tflite::RuntimeShape&, T*, Op) [with T = unsigned char; Op = unsigned char (*)(unsigned char, unsigned char); int N = 5]::<lambda(int*)>]	16	static
common.h:914:51:typename std::enable_if<(DIM != (N - 1)), void>::type tflite::NDOpsHelperImpl(const tflite::NdArrayDesc<N>&, const Calc&, int*) [with int N = 5; int DIM = 2; Calc = tflite::reference_ops::MaximumMinimumBroadcastSlow(const tflite::RuntimeShape&, const T*, const tflite::RuntimeShape&, const T*, const tflite::RuntimeShape&, T*, Op) [with T = unsigned char; Op = unsigned char (*)(unsigned char, unsigned char); int N = 5]::<lambda(int*)>]	16	static
common.h:914:51:typename std::enable_if<(DIM != (N - 1)), void>::type tflite::NDOpsHelperImpl(const tflite::NdArrayDesc<N>&, const Calc&, int*) [with int N = 5; int DIM = 1; Calc = tflite::reference_ops::MaximumMinimumBroadcastSlow(const tflite::RuntimeShape&, const T*, const tflite::RuntimeShape&, const T*, const tflite::RuntimeShape&, T*, Op) [with T = unsigned char; Op = unsigned char (*)(unsigned char, unsigned char); int N = 5]::<lambda(int*)>]	16	static
common.h:914:51:typename std::enable_if<(DIM != (N - 1)), void>::type tflite::NDOpsHelperImpl(const tflite::NdArrayDesc<N>&, const Calc&, int*) [with int N = 5; int DIM = 0; Calc = tflite::reference_ops::MaximumMinimumBroadcastSlow(const tflite::RuntimeShape&, const T*, const tflite::RuntimeShape&, const T*, const tflite::RuntimeShape&, T*, Op) [with T = unsigned char; Op = unsigned char (*)(unsigned char, unsigned char); int N = 5]::<lambda(int*)>]	16	static
maximum_minimum.h:25:6:void tflite::reference_ops::MaximumMinimumBroadcastSlow(const tflite::RuntimeShape&, const T*, const tflite::RuntimeShape&, const T*, const tflite::RuntimeShape&, T*, Op) [with T = unsigned char; Op = unsigned char (*)(unsigned char, unsigned char); int N = 5]	224	static
maximum_minimum.cc:70:6:void tflite::ops::micro::maximum_minimum::TFLiteOperation(TfLiteContext*, TfLiteNode*, const tflite::ops::micro::maximum_minimum::{anonymous}::OpContext&) [with data_type = unsigned char; op_type = tflite::ops::micro::maximum_minimum::{anonymous}::MaximumOp]	112	static
maximum_minimum.cc:70:6:void tflite::ops::micro::maximum_minimum::TFLiteOperation(TfLiteContext*, TfLiteNode*, const tflite::ops::micro::maximum_minimum::{anonymous}::OpContext&) [with data_type = unsigned char; op_type = tflite::ops::micro::maximum_minimum::{anonymous}::MinimumOp]	112	static
common.h:922:51:typename std::enable_if<(DIM == (N - 1)), void>::type tflite::NDOpsHelperImpl(const tflite::NdArrayDesc<N>&, const Calc&, int*) [with int N = 5; int DIM = 4; Calc = tflite::reference_ops::MaximumMinimumBroadcastSlow(const tflite::RuntimeShape&, const T*, const tflite::RuntimeShape&, const T*, const tflite::RuntimeShape&, T*, Op) [with T = signed char; Op = signed char (*)(signed char, signed char); int N = 5]::<lambda(int*)>]	40	static
common.h:914:51:typename std::enable_if<(DIM != (N - 1)), void>::type tflite::NDOpsHelperImpl(const tflite::NdArrayDesc<N>&, const Calc&, int*) [with int N = 5; int DIM = 3; Calc = tflite::reference_ops::MaximumMinimumBroadcastSlow(const tflite::RuntimeShape&, const T*, const tflite::RuntimeShape&, const T*, const tflite::RuntimeShape&, T*, Op) [with T = signed char; Op = signed char (*)(signed char, signed char); int N = 5]::<lambda(int*)>]	16	static
common.h:914:51:typename std::enable_if<(DIM != (N - 1)), void>::type tflite::NDOpsHelperImpl(const tflite::NdArrayDesc<N>&, const Calc&, int*) [with int N = 5; int DIM = 2; Calc = tflite::reference_ops::MaximumMinimumBroadcastSlow(const tflite::RuntimeShape&, const T*, const tflite::RuntimeShape&, const T*, const tflite::RuntimeShape&, T*, Op) [with T = signed char; Op = signed char (*)(signed char, signed char); int N = 5]::<lambda(int*)>]	16	static
common.h:914:51:typename std::enable_if<(DIM != (N - 1)), void>::type tflite::NDOpsHelperImpl(const tflite::NdArrayDesc<N>&, const Calc&, int*) [with int N = 5; int DIM = 1; Calc = tflite::reference_ops::MaximumMinimumBroadcastSlow(const tflite::RuntimeShape&, const T*, const tflite::RuntimeShape&, const T*, const tflite::RuntimeShape&, T*, Op) [with T = signed char; Op = signed char (*)(signed char, signed char); int N = 5]::<lambda(int*)>]	16	static
common.h:914:51:typename std::enable_if<(DIM != (N - 1)), void>::type tflite::NDOpsHelperImpl(const tflite::NdArrayDesc<N>&, const Calc&, int*) [with int N = 5; int DIM = 0; Calc = tflite::reference_ops::MaximumMinimumBroadcastSlow(const tflite::RuntimeShape&, const T*, const tflite::RuntimeShape&, const T*, const tflite::RuntimeShape&, T*, Op) [with T = signed char; Op = signed char (*)(signed char, signed char); int N = 5]::<lambda(int*)>]	16	static
maximum_minimum.h:25:6:void tflite::reference_ops::MaximumMinimumBroadcastSlow(const tflite::RuntimeShape&, const T*, const tflite::RuntimeShape&, const T*, const tflite::RuntimeShape&, T*, Op) [with T = signed char; Op = signed char (*)(signed char, signed char); int N = 5]	224	static
maximum_minimum.cc:70:6:void tflite::ops::micro::maximum_minimum::TFLiteOperation(TfLiteContext*, TfLiteNode*, const tflite::ops::micro::maximum_minimum::{anonymous}::OpContext&) [with data_type = signed char; op_type = tflite::ops::micro::maximum_minimum::{anonymous}::MaximumOp]	112	static
maximum_minimum.cc:70:6:void tflite::ops::micro::maximum_minimum::TFLiteOperation(TfLiteContext*, TfLiteNode*, const tflite::ops::micro::maximum_minimum::{anonymous}::OpContext&) [with data_type = signed char; op_type = tflite::ops::micro::maximum_minimum::{anonymous}::MinimumOp]	112	static
common.h:922:51:typename std::enable_if<(DIM == (N - 1)), void>::type tflite::NDOpsHelperImpl(const tflite::NdArrayDesc<N>&, const Calc&, int*) [with int N = 5; int DIM = 4; Calc = tflite::reference_ops::MaximumMinimumBroadcastSlow(const tflite::RuntimeShape&, const T*, const tflite::RuntimeShape&, const T*, const tflite::RuntimeShape&, T*, Op) [with T = long int; Op = long int (*)(long int, long int); int N = 5]::<lambda(int*)>]	40	static
common.h:914:51:typename std::enable_if<(DIM != (N - 1)), void>::type tflite::NDOpsHelperImpl(const tflite::NdArrayDesc<N>&, const Calc&, int*) [with int N = 5; int DIM = 3; Calc = tflite::reference_ops::MaximumMinimumBroadcastSlow(const tflite::RuntimeShape&, const T*, const tflite::RuntimeShape&, const T*, const tflite::RuntimeShape&, T*, Op) [with T = long int; Op = long int (*)(long int, long int); int N = 5]::<lambda(int*)>]	16	static
common.h:914:51:typename std::enable_if<(DIM != (N - 1)), void>::type tflite::NDOpsHelperImpl(const tflite::NdArrayDesc<N>&, const Calc&, int*) [with int N = 5; int DIM = 2; Calc = tflite::reference_ops::MaximumMinimumBroadcastSlow(const tflite::RuntimeShape&, const T*, const tflite::RuntimeShape&, const T*, const tflite::RuntimeShape&, T*, Op) [with T = long int; Op = long int (*)(long int, long int); int N = 5]::<lambda(int*)>]	16	static
common.h:914:51:typename std::enable_if<(DIM != (N - 1)), void>::type tflite::NDOpsHelperImpl(const tflite::NdArrayDesc<N>&, const Calc&, int*) [with int N = 5; int DIM = 1; Calc = tflite::reference_ops::MaximumMinimumBroadcastSlow(const tflite::RuntimeShape&, const T*, const tflite::RuntimeShape&, const T*, const tflite::RuntimeShape&, T*, Op) [with T = long int; Op = long int (*)(long int, long int); int N = 5]::<lambda(int*)>]	16	static
common.h:914:51:typename std::enable_if<(DIM != (N - 1)), void>::type tflite::NDOpsHelperImpl(const tflite::NdArrayDesc<N>&, const Calc&, int*) [with int N = 5; int DIM = 0; Calc = tflite::reference_ops::MaximumMinimumBroadcastSlow(const tflite::RuntimeShape&, const T*, const tflite::RuntimeShape&, const T*, const tflite::RuntimeShape&, T*, Op) [with T = long int; Op = long int (*)(long int, long int); int N = 5]::<lambda(int*)>]	16	static
maximum_minimum.h:25:6:void tflite::reference_ops::MaximumMinimumBroadcastSlow(const tflite::RuntimeShape&, const T*, const tflite::RuntimeShape&, const T*, const tflite::RuntimeShape&, T*, Op) [with T = long int; Op = long int (*)(long int, long int); int N = 5]	224	static
maximum_minimum.cc:70:6:void tflite::ops::micro::maximum_minimum::TFLiteOperation(TfLiteContext*, TfLiteNode*, const tflite::ops::micro::maximum_minimum::{anonymous}::OpContext&) [with data_type = long int; op_type = tflite::ops::micro::maximum_minimum::{anonymous}::MaximumOp]	112	static
maximum_minimum.cc:70:6:void tflite::ops::micro::maximum_minimum::TFLiteOperation(TfLiteContext*, TfLiteNode*, const tflite::ops::micro::maximum_minimum::{anonymous}::OpContext&) [with data_type = long int; op_type = tflite::ops::micro::maximum_minimum::{anonymous}::MinimumOp]	112	static
common.h:922:51:typename std::enable_if<(DIM == (N - 1)), void>::type tflite::NDOpsHelperImpl(const tflite::NdArrayDesc<N>&, const Calc&, int*) [with int N = 5; int DIM = 4; Calc = tflite::reference_ops::MaximumMinimumBroadcastSlow(const tflite::RuntimeShape&, const T*, const tflite::RuntimeShape&, const T*, const tflite::RuntimeShape&, T*, Op) [with T = long long int; Op = long long int (*)(long long int, long long int); int N = 5]::<lambda(int*)>]	32	static
common.h:914:51:typename std::enable_if<(DIM != (N - 1)), void>::type tflite::NDOpsHelperImpl(const tflite::NdArrayDesc<N>&, const Calc&, int*) [with int N = 5; int DIM = 3; Calc = tflite::reference_ops::MaximumMinimumBroadcastSlow(const tflite::RuntimeShape&, const T*, const tflite::RuntimeShape&, const T*, const tflite::RuntimeShape&, T*, Op) [with T = long long int; Op = long long int (*)(long long int, long long int); int N = 5]::<lambda(int*)>]	16	static
common.h:914:51:typename std::enable_if<(DIM != (N - 1)), void>::type tflite::NDOpsHelperImpl(const tflite::NdArrayDesc<N>&, const Calc&, int*) [with int N = 5; int DIM = 2; Calc = tflite::reference_ops::MaximumMinimumBroadcastSlow(const tflite::RuntimeShape&, const T*, const tflite::RuntimeShape&, const T*, const tflite::RuntimeShape&, T*, Op) [with T = long long int; Op = long long int (*)(long long int, long long int); int N = 5]::<lambda(int*)>]	16	static
common.h:914:51:typename std::enable_if<(DIM != (N - 1)), void>::type tflite::NDOpsHelperImpl(const tflite::NdArrayDesc<N>&, const Calc&, int*) [with int N = 5; int DIM = 1; Calc = tflite::reference_ops::MaximumMinimumBroadcastSlow(const tflite::RuntimeShape&, const T*, const tflite::RuntimeShape&, const T*, const tflite::RuntimeShape&, T*, Op) [with T = long long int; Op = long long int (*)(long long int, long long int); int N = 5]::<lambda(int*)>]	16	static
common.h:914:51:typename std::enable_if<(DIM != (N - 1)), void>::type tflite::NDOpsHelperImpl(const tflite::NdArrayDesc<N>&, const Calc&, int*) [with int N = 5; int DIM = 0; Calc = tflite::reference_ops::MaximumMinimumBroadcastSlow(const tflite::RuntimeShape&, const T*, const tflite::RuntimeShape&, const T*, const tflite::RuntimeShape&, T*, Op) [with T = long long int; Op = long long int (*)(long long int, long long int); int N = 5]::<lambda(int*)>]	16	static
maximum_minimum.h:25:6:void tflite::reference_ops::MaximumMinimumBroadcastSlow(const tflite::RuntimeShape&, const T*, const tflite::RuntimeShape&, const T*, const tflite::RuntimeShape&, T*, Op) [with T = long long int; Op = long long int (*)(long long int, long long int); int N = 5]	224	static
maximum_minimum.cc:70:6:void tflite::ops::micro::maximum_minimum::TFLiteOperation(TfLiteContext*, TfLiteNode*, const tflite::ops::micro::maximum_minimum::{anonymous}::OpContext&) [with data_type = long long int; op_type = tflite::ops::micro::maximum_minimum::{anonymous}::MaximumOp]	112	static
maximum_minimum.cc:83:14:TfLiteStatus tflite::ops::micro::maximum_minimum::Eval(TfLiteContext*, TfLiteNode*) [with tflite::ops::micro::maximum_minimum::{anonymous}::KernelType kernel_type = tflite::ops::micro::maximum_minimum::<unnamed>::kReference; OpType = tflite::ops::micro::maximum_minimum::{anonymous}::MaximumOp]	32	static
maximum_minimum.cc:70:6:void tflite::ops::micro::maximum_minimum::TFLiteOperation(TfLiteContext*, TfLiteNode*, const tflite::ops::micro::maximum_minimum::{anonymous}::OpContext&) [with data_type = long long int; op_type = tflite::ops::micro::maximum_minimum::{anonymous}::MinimumOp]	112	static
maximum_minimum.cc:83:14:TfLiteStatus tflite::ops::micro::maximum_minimum::Eval(TfLiteContext*, TfLiteNode*) [with tflite::ops::micro::maximum_minimum::{anonymous}::KernelType kernel_type = tflite::ops::micro::maximum_minimum::<unnamed>::kReference; OpType = tflite::ops::micro::maximum_minimum::{anonymous}::MinimumOp]	32	static
