pack.cc:114:20:TfLiteRegistration tflite::ops::micro::Register_PACK()	8	static
kernel_util.h:55:4:T* tflite::micro::GetTensorData(TfLiteEvalTensor*) [with T = float]	0	static
kernel_util.h:61:10:const T* tflite::micro::GetTensorData(const TfLiteEvalTensor*) [with T = float]	8	static
pack.cc:30:14:TfLiteStatus tflite::ops::micro::pack::{anonymous}::PackImpl(TfLiteContext*, TfLiteNode*, TfLiteEvalTensor*, int, int) [with T = float]	40	static
kernel_util.h:55:4:T* tflite::micro::GetTensorData(TfLiteEvalTensor*) [with T = unsigned char]	0	static
kernel_util.h:61:10:const T* tflite::micro::GetTensorData(const TfLiteEvalTensor*) [with T = unsigned char]	8	static
pack.cc:30:14:TfLiteStatus tflite::ops::micro::pack::{anonymous}::PackImpl(TfLiteContext*, TfLiteNode*, TfLiteEvalTensor*, int, int) [with T = unsigned char]	40	static
kernel_util.h:55:4:T* tflite::micro::GetTensorData(TfLiteEvalTensor*) [with T = signed char]	0	static
kernel_util.h:61:10:const T* tflite::micro::GetTensorData(const TfLiteEvalTensor*) [with T = signed char]	8	static
pack.cc:30:14:TfLiteStatus tflite::ops::micro::pack::{anonymous}::PackImpl(TfLiteContext*, TfLiteNode*, TfLiteEvalTensor*, int, int) [with T = signed char]	40	static
kernel_util.h:55:4:T* tflite::micro::GetTensorData(TfLiteEvalTensor*) [with T = long int]	0	static
kernel_util.h:61:10:const T* tflite::micro::GetTensorData(const TfLiteEvalTensor*) [with T = long int]	8	static
pack.cc:30:14:TfLiteStatus tflite::ops::micro::pack::{anonymous}::PackImpl(TfLiteContext*, TfLiteNode*, TfLiteEvalTensor*, int, int) [with T = long int]	40	static
kernel_util.h:55:4:T* tflite::micro::GetTensorData(TfLiteEvalTensor*) [with T = long long int]	0	static
kernel_util.h:61:10:const T* tflite::micro::GetTensorData(const TfLiteEvalTensor*) [with T = long long int]	8	static
pack.cc:30:14:TfLiteStatus tflite::ops::micro::pack::{anonymous}::PackImpl(TfLiteContext*, TfLiteNode*, TfLiteEvalTensor*, int, int) [with T = long long int]	48	static
pack.cc:73:14:TfLiteStatus tflite::ops::micro::pack::{anonymous}::Eval(TfLiteContext*, TfLiteNode*)	24	static
