quantize_common.cc:28:14:TfLiteStatus tflite::PrepareQuantizeReference(TfLiteContext*, TfLiteNode*)	40	static
kernel_util.h:61:10:const T* tflite::micro::GetTensorData(const TfLiteEvalTensor*) [with T = float]	8	static
kernel_util.h:55:4:T* tflite::micro::GetTensorData(TfLiteEvalTensor*) [with T = signed char]	0	static
kernel_util.h:55:4:T* tflite::micro::GetTensorData(TfLiteEvalTensor*) [with T = short int]	0	static
kernel_util.h:61:10:const T* tflite::micro::GetTensorData(const TfLiteEvalTensor*) [with T = short int]	8	static
kernel_util.h:55:4:T* tflite::micro::GetTensorData(TfLiteEvalTensor*) [with T = long int]	0	static
kernel_util.h:61:10:const T* tflite::micro::GetTensorData(const TfLiteEvalTensor*) [with T = signed char]	8	static
fixedpoint.h:64:10:tRawType gemmlowp::Dup(typename gemmlowp::FixedPointRawTypeTraits<tRawType>::ScalarRawType) [with tRawType = long int]	0	static
fixedpoint.h:70:14:tIntegerType gemmlowp::BitAnd(tIntegerType, tIntegerType) [with tIntegerType = long int]	0	static
fixedpoint.h:140:14:tIntegerType gemmlowp::ShiftRight(tIntegerType, int) [with tIntegerType = long int]	0	static
fixedpoint.h:94:14:tIntegerType gemmlowp::Add(tIntegerType, tIntegerType) [with tIntegerType = long int]	0	static
fixedpoint.h:88:14:tIntegerType gemmlowp::BitNot(tIntegerType) [with tIntegerType = long int]	0	static
fixedpoint.h:156:14:tIntegerType gemmlowp::MaskIfNonZero(tIntegerType) [with tIntegerType = long int]	8	static
fixedpoint.h:199:14:tIntegerType gemmlowp::MaskIfLessThan(tIntegerType, tIntegerType) [with tIntegerType = long int]	8	static
fixedpoint.h:185:14:tIntegerType gemmlowp::MaskIfGreaterThan(tIntegerType, tIntegerType) [with tIntegerType = long int]	8	static
quantize_common.cc:77:14:TfLiteStatus tflite::EvalQuantizeReference(TfLiteContext*, TfLiteNode*)	184	static
