reduce.cc:48:7:void* tflite::ops::micro::reduce::InitReduce(TfLiteContext*, const char*, size_t)	8	static
reduce.cc:278:7:static constexpr float tflite::ops::micro::reduce::EvalMax(TfLiteContext*, TfLiteNode*)::<lambda(float, float)>::_FUN(float, float)	0	static
reduce.cc:295:7:static constexpr int8_t tflite::ops::micro::reduce::EvalMax(TfLiteContext*, TfLiteNode*)::<lambda(int8_t, int8_t)>::_FUN(int8_t, int8_t)	0	static
reduce.h:98:18:static constexpr float tflite::reference_ops::ReduceSumImpl(const In*, const int*, const int*, int, int, const int*, int, int*, Out*) [with In = float; Out = float]::<lambda(float, float)>::_FUN(float, float)	0	static
reduce.h:98:18:static constexpr long int tflite::reference_ops::ReduceSumImpl(const In*, const int*, const int*, int, int, const int*, int, int*, Out*) [with In = signed char; Out = long int]::<lambda(long int, signed char)>::_FUN(long int, signed char)	0	static
reduce.h:98:18:static constexpr long unsigned int tflite::reference_ops::ReduceSumImpl(const In*, const int*, const int*, int, int, const int*, int, int*, Out*) [with In = unsigned char; Out = long unsigned int]::<lambda(long unsigned int, unsigned char)>::_FUN(long unsigned int, unsigned char)	0	static
reduce.cc:52:14:TfLiteStatus tflite::ops::micro::reduce::PrepareSimple(TfLiteContext*, TfLiteNode*)	40	static
reduce.cc:81:14:TfLiteStatus tflite::ops::micro::reduce::PrepareMax(TfLiteContext*, TfLiteNode*)	32	static
reduce.cc:102:14:TfLiteStatus tflite::ops::micro::reduce::PrepareMeanOrSum(TfLiteContext*, TfLiteNode*)	32	static
reduce.cc:127:6:void tflite::ops::micro::reduce::ResolveAxis(const int*, int, tflite::MeanParams*)	8	static
reduce.cc:318:20:TfLiteRegistration tflite::ops::micro::Register_MEAN()	12	static
reduce.cc:329:20:TfLiteRegistration tflite::ops::micro::Register_REDUCE_MAX()	12	static
kernel_util.h:61:10:const T* tflite::micro::GetTensorData(const TfLiteEvalTensor*) [with T = int]	8	static
kernel_util.h:61:10:const T* tflite::micro::GetTensorData(const TfLiteEvalTensor*) [with T = float]	8	static
kernel_util.h:55:4:T* tflite::micro::GetTensorData(TfLiteEvalTensor*) [with T = float]	0	static
reduce.h:217:13:void tflite::reference_ops::Mean(const tflite::MeanParams&, const tflite::RuntimeShape&, const T*, const tflite::RuntimeShape&, T*) [with T = float]	96	static
kernel_util.h:61:10:const T* tflite::micro::GetTensorData(const TfLiteEvalTensor*) [with T = signed char]	8	static
kernel_util.h:55:4:T* tflite::micro::GetTensorData(TfLiteEvalTensor*) [with T = signed char]	0	static
reduce.cc:261:14:TfLiteStatus tflite::ops::micro::reduce::EvalMax(TfLiteContext*, TfLiteNode*)	96	static
kernel_util.h:61:10:const T* tflite::micro::GetTensorData(const TfLiteEvalTensor*) [with T = unsigned char]	8	static
kernel_util.h:55:4:T* tflite::micro::GetTensorData(TfLiteEvalTensor*) [with T = unsigned char]	0	static
fixedpoint.h:64:10:tRawType gemmlowp::Dup(typename gemmlowp::FixedPointRawTypeTraits<tRawType>::ScalarRawType) [with tRawType = long int]	0	static
fixedpoint.h:70:14:tIntegerType gemmlowp::BitAnd(tIntegerType, tIntegerType) [with tIntegerType = long int]	0	static
fixedpoint.h:140:14:tIntegerType gemmlowp::ShiftRight(tIntegerType, int) [with tIntegerType = long int]	0	static
fixedpoint.h:94:14:tIntegerType gemmlowp::Add(tIntegerType, tIntegerType) [with tIntegerType = long int]	0	static
fixedpoint.h:88:14:tIntegerType gemmlowp::BitNot(tIntegerType) [with tIntegerType = long int]	0	static
fixedpoint.h:156:14:tIntegerType gemmlowp::MaskIfNonZero(tIntegerType) [with tIntegerType = long int]	8	static
fixedpoint.h:199:14:tIntegerType gemmlowp::MaskIfLessThan(tIntegerType, tIntegerType) [with tIntegerType = long int]	8	static
fixedpoint.h:185:14:tIntegerType gemmlowp::MaskIfGreaterThan(tIntegerType, tIntegerType) [with tIntegerType = long int]	8	static
reduce.h:260:13:void tflite::reference_ops::Mean(const tflite::MeanParams&, const tflite::RuntimeShape&, const uint8_t*, int32_t, float, const tflite::RuntimeShape&, uint8_t*, int32_t, float)	160	static
mean.h:24:13:void tflite::reference_integer_ops::Mean(const tflite::MeanParams&, int32_t, int32_t, const tflite::RuntimeShape&, const integer_type*, int32_t, const tflite::RuntimeShape&, integer_type*, int32_t) [with integer_type = signed char]	136	static
reduce.cc:139:14:TfLiteStatus tflite::ops::micro::reduce::EvalMean(TfLiteContext*, TfLiteNode*)	288	static
