softmax_common.cc:130:13:static constexpr float tflite::SoftmaxPrepare(TfLiteContext*, TfLiteNode*)::<lambda(float)>::_FUN(float)	0	static
softmax_common.cc:128:13:static constexpr float tflite::SoftmaxPrepare(TfLiteContext*, TfLiteNode*)::<lambda(float)>::_FUN(float)	8	static
softmax_common.cc:30:14:TfLiteStatus tflite::{anonymous}::CalculateSoftmaxParams(TfLiteContext*, const TfLiteTensor*, TfLiteTensor*, const TfLiteSoftmaxParams*, tflite::SoftmaxParams*)	64	static
softmax_common.cc:87:7:void* tflite::SoftmaxInit(TfLiteContext*, const char*, size_t)	8	static
softmax_common.cc:92:14:TfLiteStatus tflite::SoftmaxPrepare(TfLiteContext*, TfLiteNode*)	136	static
