split.cc:70:14:TfLiteStatus tflite::ops::micro::split::Prepare(TfLiteContext*, TfLiteNode*)	24	static
split.cc:122:20:TfLiteRegistration tflite::ops::micro::Register_SPLIT()	12	static
kernel_util.h:61:10:const T* tflite::micro::GetTensorData(const TfLiteEvalTensor*) [with T = long int]	8	static
kernel_util.h:61:10:const T* tflite::micro::GetTensorData(const TfLiteEvalTensor*) [with T = float]	8	static
kernel_util.h:55:4:T* tflite::micro::GetTensorData(TfLiteEvalTensor*) [with T = float]	0	static
split.cc:28:14:TfLiteStatus tflite::ops::micro::split::SplitImpl(TfLiteContext*, TfLiteNode*, const TfLiteEvalTensor*, int) [with T = float]	64	static
kernel_util.h:61:10:const T* tflite::micro::GetTensorData(const TfLiteEvalTensor*) [with T = unsigned char]	8	static
kernel_util.h:55:4:T* tflite::micro::GetTensorData(TfLiteEvalTensor*) [with T = unsigned char]	0	static
split.cc:28:14:TfLiteStatus tflite::ops::micro::split::SplitImpl(TfLiteContext*, TfLiteNode*, const TfLiteEvalTensor*, int) [with T = unsigned char]	64	static
kernel_util.h:61:10:const T* tflite::micro::GetTensorData(const TfLiteEvalTensor*) [with T = signed char]	8	static
kernel_util.h:55:4:T* tflite::micro::GetTensorData(TfLiteEvalTensor*) [with T = signed char]	0	static
split.cc:28:14:TfLiteStatus tflite::ops::micro::split::SplitImpl(TfLiteContext*, TfLiteNode*, const TfLiteEvalTensor*, int) [with T = signed char]	64	static
kernel_util.h:61:10:const T* tflite::micro::GetTensorData(const TfLiteEvalTensor*) [with T = short int]	8	static
kernel_util.h:55:4:T* tflite::micro::GetTensorData(TfLiteEvalTensor*) [with T = short int]	0	static
split.cc:28:14:TfLiteStatus tflite::ops::micro::split::SplitImpl(TfLiteContext*, TfLiteNode*, const TfLiteEvalTensor*, int) [with T = short int]	64	static
kernel_util.h:55:4:T* tflite::micro::GetTensorData(TfLiteEvalTensor*) [with T = long int]	0	static
split.cc:28:14:TfLiteStatus tflite::ops::micro::split::SplitImpl(TfLiteContext*, TfLiteNode*, const TfLiteEvalTensor*, int) [with T = long int]	64	static
split.cc:82:14:TfLiteStatus tflite::ops::micro::split::Eval(TfLiteContext*, TfLiteNode*)	32	static
