unpack.cc:108:20:TfLiteRegistration tflite::ops::micro::Register_UNPACK()	8	static
kernel_util.h:61:10:const T* tflite::micro::GetTensorData(const TfLiteEvalTensor*) [with T = float]	8	static
kernel_util.h:55:4:T* tflite::micro::GetTensorData(TfLiteEvalTensor*) [with T = float]	0	static
unpack.cc:31:14:TfLiteStatus tflite::ops::micro::unpack::{anonymous}::UnpackImpl(TfLiteContext*, TfLiteNode*, const TfLiteEvalTensor*, int, int) [with T = float]	40	static
kernel_util.h:61:10:const T* tflite::micro::GetTensorData(const TfLiteEvalTensor*) [with T = long int]	8	static
kernel_util.h:55:4:T* tflite::micro::GetTensorData(TfLiteEvalTensor*) [with T = long int]	0	static
unpack.cc:31:14:TfLiteStatus tflite::ops::micro::unpack::{anonymous}::UnpackImpl(TfLiteContext*, TfLiteNode*, const TfLiteEvalTensor*, int, int) [with T = long int]	40	static
kernel_util.h:61:10:const T* tflite::micro::GetTensorData(const TfLiteEvalTensor*) [with T = unsigned char]	8	static
kernel_util.h:55:4:T* tflite::micro::GetTensorData(TfLiteEvalTensor*) [with T = unsigned char]	0	static
unpack.cc:31:14:TfLiteStatus tflite::ops::micro::unpack::{anonymous}::UnpackImpl(TfLiteContext*, TfLiteNode*, const TfLiteEvalTensor*, int, int) [with T = unsigned char]	40	static
kernel_util.h:61:10:const T* tflite::micro::GetTensorData(const TfLiteEvalTensor*) [with T = signed char]	8	static
kernel_util.h:55:4:T* tflite::micro::GetTensorData(TfLiteEvalTensor*) [with T = signed char]	0	static
unpack.cc:31:14:TfLiteStatus tflite::ops::micro::unpack::{anonymous}::UnpackImpl(TfLiteContext*, TfLiteNode*, const TfLiteEvalTensor*, int, int) [with T = signed char]	40	static
unpack.cc:76:14:TfLiteStatus tflite::ops::micro::unpack::{anonymous}::Eval(TfLiteContext*, TfLiteNode*)	24	static
