zeros_like.cc:41:6:void tflite::{anonymous}::resetZeros(T*, int) [with T = long long int]	8	static
zeros_like.cc:41:6:void tflite::{anonymous}::resetZeros(T*, int) [with T = long int]	0	static
zeros_like.cc:41:6:void tflite::{anonymous}::resetZeros(T*, int) [with T = signed char]	0	static
zeros_like.cc:41:6:void tflite::{anonymous}::resetZeros(T*, int) [with T = float]	4	static
zeros_like.cc:27:14:TfLiteStatus tflite::{anonymous}::Prepare(TfLiteContext*, TfLiteNode*)	40	static
zeros_like.cc:78:20:TfLiteRegistration tflite::Register_ZEROS_LIKE()	12	static
kernel_util.h:55:4:T* tflite::micro::GetTensorData(TfLiteEvalTensor*) [with T = long long int]	0	static
kernel_util.h:55:4:T* tflite::micro::GetTensorData(TfLiteEvalTensor*) [with T = long int]	0	static
kernel_util.h:55:4:T* tflite::micro::GetTensorData(TfLiteEvalTensor*) [with T = signed char]	0	static
kernel_util.h:55:4:T* tflite::micro::GetTensorData(TfLiteEvalTensor*) [with T = float]	0	static
zeros_like.cc:47:14:TfLiteStatus tflite::{anonymous}::Eval(TfLiteContext*, TfLiteNode*)	72	static
